// Jest Snapshot v1, https://goo.gl/fbAQLP

exports[`textarea component tests snapshot tests should render correctly 1`] = `
<textarea
  className="StyledTextarea-twitter-alike-social-media__sc-12f32i7-0 bivTbY"
  data-testid="Textarea"
  onChange={[Function]}
  rows={4}
  value="text"
/>
`;
