// Jest Snapshot v1, https://goo.gl/fbAQLP

exports[`post component tests snapshot tests should render correctly 1`] = `
<div
  className="PostContainer-twitter-alike-social-media__sc-zy8jam-0 gsEoCj"
  data-testid="Post"
  type="Post"
>
  <div
    className="AvatarContainer-twitter-alike-social-media__sc-ne4tqs-0 czdfxE"
    data-testid="Avatar"
    onClick={[Function]}
    size="MD"
  >
    <img
      alt="Victor Reis's avatar photo."
      className="AvatarImage-twitter-alike-social-media__sc-ne4tqs-1 dnbueO"
      data-testid="Avatar_image"
      onError={[Function]}
      size="MD"
      src="https://i.pravatar.cc/300"
      title="Victor Reis's avatar photo."
    />
  </div>
  <div
    className="PostContent-twitter-alike-social-media__sc-zy8jam-1 kvzPWr"
  >
    <div
      className="PostContentHeader-twitter-alike-social-media__sc-zy8jam-2 ilvDfQ"
    >
      <h4
        className="TypographyContainer-twitter-alike-social-media__sc-1rk4wyq-0 dwIaAW PostContentTitle-twitter-alike-social-media__sc-zy8jam-3 bFlsZm"
        data-testid="Typography"
      >
        Victor Reis
      </h4>
      <h4
        className="TypographyContainer-twitter-alike-social-media__sc-1rk4wyq-0 cCEHbN PostContentTitle-twitter-alike-social-media__sc-zy8jam-3 bFlsZm"
        data-testid="Typography"
      >
        @
        victor.reis
      </h4>
      <h4
        className="TypographyContainer-twitter-alike-social-media__sc-1rk4wyq-0 cCEHbN"
        data-testid="Typography"
      >
        - 
        January 1, 2011
      </h4>
    </div>
    <span
      className="TypographyContainer-twitter-alike-social-media__sc-1rk4wyq-0 bsZKYT PostText-twitter-alike-social-media__sc-zy8jam-4 kKAkLD"
      data-testid="Post_text"
    >
      <span>
        first line
        <br />
      </span>
      <span>
        second line
        <br />
      </span>
      <span>
        third line
        <br />
      </span>
    </span>
    <div
      className="PostContentButtonsContainer-twitter-alike-social-media__sc-zy8jam-5 gsSVXy"
    >
      <button
        className="ButtonContainer-twitter-alike-social-media__sc-1bqjegs-0 cpQvHN"
        data-testid="Button"
        disabled={false}
        onClick={[Function]}
        onMouseEnter={[Function]}
        onMouseLeave={[Function]}
        size="LG"
        type="button"
      >
        Repost
      </button>
      <span
        className="TypographyContainer-twitter-alike-social-media__sc-1rk4wyq-0 bsZKYT"
        data-testid="Typography"
      >
        9
      </span>
      <button
        className="ButtonContainer-twitter-alike-social-media__sc-1bqjegs-0 cpQvHN"
        data-testid="Button"
        disabled={false}
        onClick={[Function]}
        onMouseEnter={[Function]}
        onMouseLeave={[Function]}
        size="LG"
        type="button"
      >
        Quote post
      </button>
      <span
        className="TypographyContainer-twitter-alike-social-media__sc-1rk4wyq-0 bsZKYT"
        data-testid="Typography"
      >
        99
      </span>
    </div>
  </div>
</div>
`;
